// Jest Snapshot v1, https://goo.gl/fbAQLP

exports[`test store provider and relax 1`] = `
<div>
  hello iflux2
</div>
`;
